// Jest Snapshot v1, https://goo.gl/fbAQLP

exports[`Render Card 1`] = `
<article
  className="small-movie-card catalog__movies-card"
  onMouseOut={[Function]}
  onMouseOver={[Function]}
>
  <div
    className="small-movie-card__image"
  >
    <img
      alt="Home Alone"
      height={175}
      src="img/test.jpg"
      width={280}
    />
  </div>
  <h3
    className="small-movie-card__title"
  >
    <a
      className="small-movie-card__link"
      href="movie-page.html"
      onClick={[Function]}
    >
      Home Alone
    </a>
  </h3>
</article>
`;
