// Jest Snapshot v1, https://goo.gl/fbAQLP

exports[`Should render tabs component 1`] = `
Array [
  <div
    className="movie-rating"
  >
    <div
      className="movie-rating__score"
    >
      2.2
    </div>
    <p
      className="movie-rating__meta"
    >
      <span
        className="movie-rating__level"
      >
        Bad
      </span>
      <span
        className="movie-rating__count"
      >
        100
         ratings
      </span>
    </p>
  </div>,
  <div
    className="movie-card__text"
  >
    <p>
      Lorem ipsum dolor sit amet, consectetur adipiscing elit.
  Nunc blandit bibendum elit. Donec libero mauris, luctus sit amet rhoncus ac,
  ultrices ut elit.
    </p>
    <p>
      Lorem ipsum dolor sit amet, consectetur adipiscing elit.
  Nunc blandit bibendum elit. Donec libero mauris, luctus sit amet rhoncus ac,
  ultrices ut elit.
    </p>
    <p
      className="movie-card__director"
    >
      <strong>
        Director: 
        Angel Calderon
      </strong>
    </p>
    <p
      className="movie-card__starring"
    >
      <strong>
        Starring: 
        Linda Horne, Angel Calderon
         
         and other
      </strong>
    </p>
  </div>,
]
`;
