// Jest Snapshot v1, https://goo.gl/fbAQLP

exports[`Render VideoPlayer 1`] = `
<div
  className="player"
>
  <video />
</div>
`;
